node : Γ¿» Another next build process is already running.
At line:1 char:1
+ node ./node_modules/next/dist/bin/next build *> build-output.txt ; Wr ...
+ ~~~~~~~~~~~~~~~~~~~~~~~~~~~~~~~~~~~~~~~~~~~~~~~~~~~~~~~~~~~~~~~~
    + CategoryInfo          : NotSpecified: (Γ¿» Another nex...lready running.:String) [], RemoteException
    + FullyQualifiedErrorId : NativeCommandError
 

  This could be:
  - A next build still in progress
  - A previous build that didn't exit cleanly

  Suggestion: Wait for the build to complete.
